[0m13:56:12.076253 [debug] [MainThread]: Sending event: {'category': 'dbt', 'action': 'invocation', 'label': 'start', 'context': [<snowplow_tracker.self_describing_json.SelfDescribingJson object at 0x00000208868C3A00>, <snowplow_tracker.self_describing_json.SelfDescribingJson object at 0x000002088784ACD0>, <snowplow_tracker.self_describing_json.SelfDescribingJson object at 0x000002088784AFD0>]}


============================== 13:56:12.095423 | 8f0dd8ce-bd77-4007-b811-f0d4e76e2af8 ==============================
[0m13:56:12.095423 [info ] [MainThread]: Running with dbt=1.10.22
[0m13:56:12.096720 [debug] [MainThread]: running dbt with arguments {'debug': 'False', 'fail_fast': 'False', 'log_cache_events': 'False', 'send_anonymous_usage_stats': 'True', 'warn_error_options': 'WarnErrorOptionsV2(error=[], warn=[], silence=[])', 'cache_selected_only': 'False', 'target_path': 'None', 'log_format': 'default', 'version_check': 'True', 'empty': 'None', 'printer_width': '80', 'partial_parse': 'True', 'introspect': 'True', 'quiet': 'False', 'warn_error': 'None', 'write_json': 'True', 'no_print': 'None', 'invocation_command': 'dbt init campaign_project', 'log_path': 'logs', 'static_parser': 'True', 'profiles_dir': 'C:\\Users\\ASUS\\.dbt', 'use_experimental_parser': 'False', 'use_colors': 'True', 'indirect_selection': 'eager'}
[0m13:56:12.559660 [info ] [MainThread]: Creating dbt configuration folder at C:\Users\ASUS\.dbt
[0m13:56:12.579961 [debug] [MainThread]: Starter project path: D:\Project-Resume\Marketing Funnel Analysis\venv\lib\site-packages\dbt\include\starter_project
[0m13:56:12.692519 [info ] [MainThread]: 
Your new dbt project "campaign_project" was created!

For more information on how to configure the profiles.yml file,
please consult the dbt documentation here:

  https://docs.getdbt.com/docs/configure-your-profile

One more thing:

Need help? Don't hesitate to reach out to us via GitHub issues or on Slack:

  https://community.getdbt.com/

Happy modeling!

[0m13:56:12.693872 [info ] [MainThread]: Setting up your profile.
[0m13:57:21.051740 [info ] [MainThread]: Profile campaign_project written to C:\Users\ASUS\.dbt\profiles.yml using target's sample configuration. Once updated, you'll be able to start developing with dbt.
[0m13:57:21.055215 [debug] [MainThread]: Command `dbt init` succeeded at 13:57:21.054206 after 69.17 seconds
[0m13:57:21.056750 [debug] [MainThread]: Sending event: {'category': 'dbt', 'action': 'invocation', 'label': 'end', 'context': [<snowplow_tracker.self_describing_json.SelfDescribingJson object at 0x00000208868C3A00>, <snowplow_tracker.self_describing_json.SelfDescribingJson object at 0x000002088780A040>, <snowplow_tracker.self_describing_json.SelfDescribingJson object at 0x000002088780A880>]}
[0m13:57:21.057772 [debug] [MainThread]: Flushing usage events
[0m13:57:22.410414 [debug] [MainThread]: An error was encountered while trying to flush usage events
